[backblue.gif]
[fade.gif]
[index.html]
[perubus.sysaidit.com/lib/ajaxToolsa407.js]
[perubus.sysaidit.com/js/jquery-1.11.0.min.js]
[perubus.sysaidit.com/js/jquery-migrate-1.2.1.js]
[perubus.sysaidit.com/images/loader.gif]
[perubus.sysaidit.com/Login.html]
[perubus.sysaidit.com/css/fonts/OpenSans-Light-webfont.eot]
[perubus.sysaidit.com/css/fonts/OpenSans-Light-webfontd41d.eot]
[perubus.sysaidit.com/css/fonts/OpenSans-Light-webfont.woff]
[perubus.sysaidit.com/css/fonts/OpenSans-Light-webfont.ttf]
[perubus.sysaidit.com/css/fonts/OpenSans-Regular-webfont.eot]
[perubus.sysaidit.com/css/fonts/OpenSans-Regular-webfontd41d.eot]
[perubus.sysaidit.com/css/fonts/OpenSans-Regular-webfont.woff]
[perubus.sysaidit.com/css/fonts/OpenSans-Regular-webfont.ttf]
[perubus.sysaidit.com/css/fonts/OpenSans-Semibold-webfont.eot]
[perubus.sysaidit.com/css/fonts/OpenSans-Semibold-webfontd41d.eot]
[perubus.sysaidit.com/css/fonts/OpenSans-Semibold-webfont.woff]
[perubus.sysaidit.com/css/fonts/OpenSans-Semibold-webfont.ttf]
[perubus.sysaidit.com/css/fonts/OpenSans-Bold-webfont.eot]
[perubus.sysaidit.com/css/fonts/OpenSans-Bold-webfontd41d.eot]
[perubus.sysaidit.com/css/fonts/OpenSans-Bold-webfont.woff]
[perubus.sysaidit.com/css/fonts/OpenSans-Bold-webfont.ttf]
[perubus.sysaidit.com/css/fonts/OpenSans-ExtraBold-webfont.eot]
[perubus.sysaidit.com/css/fonts/OpenSans-ExtraBold-webfontd41d.eot]
[perubus.sysaidit.com/css/fonts/OpenSans-ExtraBold-webfont.woff]
[perubus.sysaidit.com/css/fonts/OpenSans-ExtraBold-webfont.ttf]
[perubus.sysaidit.com/css/fonts/PTC75F-webfont.eot]
[perubus.sysaidit.com/css/fonts/PTC75F-webfont.woff]
[perubus.sysaidit.com/css/fonts/PTC75F-webfont.ttf]
[perubus.sysaidit.com/css/webfonts.css]
[perubus.sysaidit.com/css/_default/_default.css]
[perubus.sysaidit.com/css/_laf/_laf.css]
[perubus.sysaidit.com/css/pageLayout/pageFrame/top_left.gif]
[perubus.sysaidit.com/css/pageLayout/pageFrame/top_right.gif]
[perubus.sysaidit.com/css/pageLayout/pageFrame/top_center.gif]
[perubus.sysaidit.com/css/pageLayout/pageFrame/header_bg_dark.gif]
[perubus.sysaidit.com/css/pageLayout/pageFrame/header_left.gif]
[perubus.sysaidit.com/css/pageLayout/pageFrame/header_right.gif]
[perubus.sysaidit.com/css/pageLayout/pageFrame/body_left.gif]
[perubus.sysaidit.com/css/pageLayout/pageFrame/body_right.gif]
[perubus.sysaidit.com/css/pageLayout/pageFrame/bottom_left.gif]
[perubus.sysaidit.com/css/pageLayout/pageFrame/bottom_right.gif]
[perubus.sysaidit.com/css/pageLayout/pageFrame/bottom_center.gif]
[perubus.sysaidit.com/css/pageLayout/images/page_header_bg.gif]
[perubus.sysaidit.com/css/pageLayout/images/page_header_bgImage.gif]
[perubus.sysaidit.com/css/pageLayout/images/page_header_bgImage_rtl.gif]
[perubus.sysaidit.com/css/pageLayout/login/loginPanel_bg_320.png]
[perubus.sysaidit.com/css/pageLayout/pageLayout.css]
[perubus.sysaidit.com/css/formCtrls/formCtrls.css]
[perubus.sysaidit.com/css/buttons/buttons.css]
[perubus.sysaidit.com/css/login/images/gray_left.gif]
[perubus.sysaidit.com/css/login/images/gray_center.gif]
[perubus.sysaidit.com/css/login/images/gray_right.gif]
[perubus.sysaidit.com/css/login/login.css]
[perubus.sysaidit.com/css/login/newLogin.css]
[perubus.sysaidit.com/css/_default/_generala407.js]
[perubus.sysaidit.com/images/sysaid-logo-2018/sysaid-logo-dark-greenbf7a.png]
[perubus.sysaidit.com/ForgotPassword67d3.html]
[perubus.sysaidit.com/css/fonts/OpenSans-Light-webfont.svg]
[perubus.sysaidit.com/css/fonts/OpenSans-Regular-webfont.svg]
[perubus.sysaidit.com/css/fonts/OpenSans-Semibold-webfont.svg]
[perubus.sysaidit.com/css/fonts/OpenSans-Bold-webfont.svg]
[perubus.sysaidit.com/css/fonts/OpenSans-ExtraBold-webfont.svg]
[perubus.sysaidit.com/css/fonts/PTC75F-webfont.svg]
[perubus.sysaidit.com/css/buttons/button3Parts/default/btn_idle_right.png]
[perubus.sysaidit.com/css/buttons/button3Parts/default/btn_idle_left.png]
[perubus.sysaidit.com/css/buttons/button3Parts/default/btn_idle_center.png]
[perubus.sysaidit.com/css/buttons/button3Parts.css]
